// Jest Snapshot v1, https://goo.gl/fbAQLP

exports[`common / navbar / NavbarComponent should match snapshot 1`] = `
ShallowWrapper {
  Symbol(enzyme.__root__): [Circular],
  Symbol(enzyme.__unrendered__): <NavbarComponent />,
  Symbol(enzyme.__renderer__): Object {
    "batchedUpdates": [Function],
    "getNode": [Function],
    "render": [Function],
    "simulateError": [Function],
    "simulateEvent": [Function],
    "unmount": [Function],
  },
  Symbol(enzyme.__node__): Object {
    "instance": null,
    "key": undefined,
    "nodeType": "host",
    "props": Object {
      "children": Array [
        <li
          className="navbar-item"
        >
          <Link
            className="navbar-item-link"
            replace={false}
            to="/"
          >
            Home
          </Link>
        </li>,
        <li
          className="navbar-item"
        >
          <Link
            className="navbar-item-link"
            replace={false}
            to="/books"
          >
            Books
          </Link>
        </li>,
      ],
      "className": "navbar",
    },
    "ref": null,
    "rendered": Array [
      Object {
        "instance": null,
        "key": undefined,
        "nodeType": "host",
        "props": Object {
          "children": <Link
            className="navbar-item-link"
            replace={false}
            to="/"
          >
            Home
          </Link>,
          "className": "navbar-item",
        },
        "ref": null,
        "rendered": Object {
          "instance": null,
          "key": undefined,
          "nodeType": "class",
          "props": Object {
            "children": "Home",
            "className": "navbar-item-link",
            "replace": false,
            "to": "/",
          },
          "ref": null,
          "rendered": "Home",
          "type": [Function],
        },
        "type": "li",
      },
      Object {
        "instance": null,
        "key": undefined,
        "nodeType": "host",
        "props": Object {
          "children": <Link
            className="navbar-item-link"
            replace={false}
            to="/books"
          >
            Books
          </Link>,
          "className": "navbar-item",
        },
        "ref": null,
        "rendered": Object {
          "instance": null,
          "key": undefined,
          "nodeType": "class",
          "props": Object {
            "children": "Books",
            "className": "navbar-item-link",
            "replace": false,
            "to": "/books",
          },
          "ref": null,
          "rendered": "Books",
          "type": [Function],
        },
        "type": "li",
      },
    ],
    "type": "ul",
  },
  Symbol(enzyme.__nodes__): Array [
    Object {
      "instance": null,
      "key": undefined,
      "nodeType": "host",
      "props": Object {
        "children": Array [
          <li
            className="navbar-item"
          >
            <Link
              className="navbar-item-link"
              replace={false}
              to="/"
            >
              Home
            </Link>
          </li>,
          <li
            className="navbar-item"
          >
            <Link
              className="navbar-item-link"
              replace={false}
              to="/books"
            >
              Books
            </Link>
          </li>,
        ],
        "className": "navbar",
      },
      "ref": null,
      "rendered": Array [
        Object {
          "instance": null,
          "key": undefined,
          "nodeType": "host",
          "props": Object {
            "children": <Link
              className="navbar-item-link"
              replace={false}
              to="/"
            >
              Home
            </Link>,
            "className": "navbar-item",
          },
          "ref": null,
          "rendered": Object {
            "instance": null,
            "key": undefined,
            "nodeType": "class",
            "props": Object {
              "children": "Home",
              "className": "navbar-item-link",
              "replace": false,
              "to": "/",
            },
            "ref": null,
            "rendered": "Home",
            "type": [Function],
          },
          "type": "li",
        },
        Object {
          "instance": null,
          "key": undefined,
          "nodeType": "host",
          "props": Object {
            "children": <Link
              className="navbar-item-link"
              replace={false}
              to="/books"
            >
              Books
            </Link>,
            "className": "navbar-item",
          },
          "ref": null,
          "rendered": Object {
            "instance": null,
            "key": undefined,
            "nodeType": "class",
            "props": Object {
              "children": "Books",
              "className": "navbar-item-link",
              "replace": false,
              "to": "/books",
            },
            "ref": null,
            "rendered": "Books",
            "type": [Function],
          },
          "type": "li",
        },
      ],
      "type": "ul",
    },
  ],
  Symbol(enzyme.__options__): Object {
    "adapter": ReactSixteenAdapter {
      "options": Object {
        "enableComponentDidUpdateOnSetState": true,
        "lifecycles": Object {
          "componentDidUpdate": Object {
            "onSetState": true,
          },
<<<<<<< HEAD:src/app/common/header/components/navbar/__tests__/__snapshots__/navbarComponent.test.tsx.snap
          "getSnapshotBeforeUpdate": true,
=======
          "getDerivedStateFromProps": true,
          "getSnapshotBeforeUpdate": true,
          "setState": Object {
            "skipsComponentDidUpdateOnNullish": true,
          },
>>>>>>> npm-update:src-ts/app/common/header/components/navbar/__tests__/__snapshots__/navbarComponent.test.tsx.snap
        },
      },
    },
    "attachTo": undefined,
    "hydrateIn": undefined,
  },
}
`;
