// Jest Snapshot v1, https://goo.gl/fbAQLP

exports[`books / BookListComponent should match snapshot 1`] = `
ShallowWrapper {
  Symbol(enzyme.__root__): [Circular],
  Symbol(enzyme.__unrendered__): <BookListComponent
    books={
      Array [
        Object {
          "id": "1asv",
          "volumeInfo": Object {
            "description": "Description",
            "imageLinks": Object {
              "smallThumbnail": "thumbnail",
            },
            "title": "Title",
          },
        },
      ]
    }
    error={null}
    getData={
      [MockFunction] {
        "calls": Array [
          Array [],
        ],
        "results": Array [
          Object {
            "isThrow": false,
            "value": undefined,
          },
        ],
      }
    }
    isLoading={false}
  />,
  Symbol(enzyme.__renderer__): Object {
    "batchedUpdates": [Function],
    "getNode": [Function],
    "render": [Function],
    "simulateError": [Function],
    "simulateEvent": [Function],
    "unmount": [Function],
  },
  Symbol(enzyme.__node__): Object {
    "instance": null,
    "key": undefined,
    "nodeType": "function",
    "props": Object {
      "children": Array [
        <h1>
          Books
        </h1>,
        <ul
          className="book-list"
        >
          <BookItemComponent
            info={
              Object {
                "description": "Description",
                "imageLinks": Object {
                  "smallThumbnail": "thumbnail",
                },
                "title": "Title",
              }
            }
          />
        </ul>,
      ],
    },
    "ref": null,
    "rendered": Array [
      Object {
        "instance": null,
        "key": undefined,
        "nodeType": "host",
        "props": Object {
          "children": "Books",
        },
        "ref": null,
        "rendered": "Books",
        "type": "h1",
      },
      Object {
        "instance": null,
        "key": undefined,
        "nodeType": "host",
        "props": Object {
          "children": Array [
            <BookItemComponent
              info={
                Object {
                  "description": "Description",
                  "imageLinks": Object {
                    "smallThumbnail": "thumbnail",
                  },
                  "title": "Title",
                }
              }
            />,
          ],
          "className": "book-list",
        },
        "ref": null,
        "rendered": Array [
          Object {
            "instance": null,
            "key": "1asv",
            "nodeType": "function",
            "props": Object {
              "info": Object {
                "description": "Description",
                "imageLinks": Object {
                  "smallThumbnail": "thumbnail",
                },
                "title": "Title",
              },
            },
            "ref": null,
            "rendered": null,
            "type": [Function],
          },
        ],
        "type": "ul",
      },
    ],
    "type": Symbol(react.fragment),
  },
  Symbol(enzyme.__nodes__): Array [
    Object {
      "instance": null,
      "key": undefined,
      "nodeType": "function",
      "props": Object {
        "children": Array [
          <h1>
            Books
          </h1>,
          <ul
            className="book-list"
          >
            <BookItemComponent
              info={
                Object {
                  "description": "Description",
                  "imageLinks": Object {
                    "smallThumbnail": "thumbnail",
                  },
                  "title": "Title",
                }
              }
            />
          </ul>,
        ],
      },
      "ref": null,
      "rendered": Array [
        Object {
          "instance": null,
          "key": undefined,
          "nodeType": "host",
          "props": Object {
            "children": "Books",
          },
          "ref": null,
          "rendered": "Books",
          "type": "h1",
        },
        Object {
          "instance": null,
          "key": undefined,
          "nodeType": "host",
          "props": Object {
            "children": Array [
              <BookItemComponent
                info={
                  Object {
                    "description": "Description",
                    "imageLinks": Object {
                      "smallThumbnail": "thumbnail",
                    },
                    "title": "Title",
                  }
                }
              />,
            ],
            "className": "book-list",
          },
          "ref": null,
          "rendered": Array [
            Object {
              "instance": null,
              "key": "1asv",
              "nodeType": "function",
              "props": Object {
                "info": Object {
                  "description": "Description",
                  "imageLinks": Object {
                    "smallThumbnail": "thumbnail",
                  },
                  "title": "Title",
                },
              },
              "ref": null,
              "rendered": null,
              "type": [Function],
            },
          ],
          "type": "ul",
        },
      ],
      "type": Symbol(react.fragment),
    },
  ],
  Symbol(enzyme.__options__): Object {
    "adapter": ReactSixteenAdapter {
      "options": Object {
        "enableComponentDidUpdateOnSetState": true,
        "lifecycles": Object {
          "componentDidUpdate": Object {
            "onSetState": true,
          },
          "getDerivedStateFromProps": true,
          "getSnapshotBeforeUpdate": true,
          "setState": Object {
            "skipsComponentDidUpdateOnNullish": true,
          },
        },
      },
    },
  },
}
`;
