// Jest Snapshot v1, https://goo.gl/fbAQLP

exports[`common / footer / FooterComponent should match snapshot 1`] = `
ShallowWrapper {
  Symbol(enzyme.__root__): [Circular],
  Symbol(enzyme.__unrendered__): <FooterComponent />,
  Symbol(enzyme.__renderer__): Object {
    "batchedUpdates": [Function],
    "getNode": [Function],
    "render": [Function],
    "simulateError": [Function],
    "simulateEvent": [Function],
    "unmount": [Function],
  },
  Symbol(enzyme.__node__): Object {
    "instance": null,
    "key": undefined,
    "nodeType": "host",
    "props": Object {
      "children": Array [
        <p
          className="footer-paragraph"
        >
          Created by
          <span
            className="footer-text-handwritten"
          >
            Kamil Bysiec
          </span>
           from
        </p>,
        <a
          href="https://agileplayers.com"
          rel="noopener noreferrer"
          target="_blank"
        >
          <img
            alt="agile players logo"
            className="footer-link-logo"
            src="https://agileplayers.com/Static/dist/img/logo_full.svg"
          />
        </a>,
      ],
      "className": "footer",
    },
    "ref": null,
    "rendered": Array [
      Object {
        "instance": null,
        "key": undefined,
        "nodeType": "host",
        "props": Object {
          "children": Array [
            "Created by",
            <span
              className="footer-text-handwritten"
            >
              Kamil Bysiec
            </span>,
            " from",
          ],
          "className": "footer-paragraph",
        },
        "ref": null,
        "rendered": Array [
          "Created by",
          Object {
            "instance": null,
            "key": undefined,
            "nodeType": "host",
            "props": Object {
              "children": "Kamil Bysiec",
              "className": "footer-text-handwritten",
            },
            "ref": null,
            "rendered": "Kamil Bysiec",
            "type": "span",
          },
          " from",
        ],
        "type": "p",
      },
      Object {
        "instance": null,
        "key": undefined,
        "nodeType": "host",
        "props": Object {
          "children": <img
            alt="agile players logo"
            className="footer-link-logo"
            src="https://agileplayers.com/Static/dist/img/logo_full.svg"
          />,
          "href": "https://agileplayers.com",
          "rel": "noopener noreferrer",
          "target": "_blank",
        },
        "ref": null,
        "rendered": Object {
          "instance": null,
          "key": undefined,
          "nodeType": "host",
          "props": Object {
            "alt": "agile players logo",
            "className": "footer-link-logo",
            "src": "https://agileplayers.com/Static/dist/img/logo_full.svg",
          },
          "ref": null,
          "rendered": null,
          "type": "img",
        },
        "type": "a",
      },
    ],
    "type": "div",
  },
  Symbol(enzyme.__nodes__): Array [
    Object {
      "instance": null,
      "key": undefined,
      "nodeType": "host",
      "props": Object {
        "children": Array [
          <p
            className="footer-paragraph"
          >
            Created by
            <span
              className="footer-text-handwritten"
            >
              Kamil Bysiec
            </span>
             from
          </p>,
          <a
            href="https://agileplayers.com"
            rel="noopener noreferrer"
            target="_blank"
          >
            <img
              alt="agile players logo"
              className="footer-link-logo"
              src="https://agileplayers.com/Static/dist/img/logo_full.svg"
            />
          </a>,
        ],
        "className": "footer",
      },
      "ref": null,
      "rendered": Array [
        Object {
          "instance": null,
          "key": undefined,
          "nodeType": "host",
          "props": Object {
            "children": Array [
              "Created by",
              <span
                className="footer-text-handwritten"
              >
                Kamil Bysiec
              </span>,
              " from",
            ],
            "className": "footer-paragraph",
          },
          "ref": null,
          "rendered": Array [
            "Created by",
            Object {
              "instance": null,
              "key": undefined,
              "nodeType": "host",
              "props": Object {
                "children": "Kamil Bysiec",
                "className": "footer-text-handwritten",
              },
              "ref": null,
              "rendered": "Kamil Bysiec",
              "type": "span",
            },
            " from",
          ],
          "type": "p",
        },
        Object {
          "instance": null,
          "key": undefined,
          "nodeType": "host",
          "props": Object {
            "children": <img
              alt="agile players logo"
              className="footer-link-logo"
              src="https://agileplayers.com/Static/dist/img/logo_full.svg"
            />,
            "href": "https://agileplayers.com",
            "rel": "noopener noreferrer",
            "target": "_blank",
          },
          "ref": null,
          "rendered": Object {
            "instance": null,
            "key": undefined,
            "nodeType": "host",
            "props": Object {
              "alt": "agile players logo",
              "className": "footer-link-logo",
              "src": "https://agileplayers.com/Static/dist/img/logo_full.svg",
            },
            "ref": null,
            "rendered": null,
            "type": "img",
          },
          "type": "a",
        },
      ],
      "type": "div",
    },
  ],
  Symbol(enzyme.__options__): Object {
    "adapter": ReactSixteenAdapter {
      "options": Object {
        "enableComponentDidUpdateOnSetState": true,
        "lifecycles": Object {
          "componentDidUpdate": Object {
            "onSetState": true,
          },
<<<<<<< HEAD:src/app/common/footer/__tests__/__snapshots__/footerComponent.test.tsx.snap
          "getSnapshotBeforeUpdate": true,
=======
          "getDerivedStateFromProps": true,
          "getSnapshotBeforeUpdate": true,
          "setState": Object {
            "skipsComponentDidUpdateOnNullish": true,
          },
>>>>>>> npm-update:src-ts/app/common/footer/__tests__/__snapshots__/footerComponent.test.tsx.snap
        },
      },
    },
    "attachTo": undefined,
    "hydrateIn": undefined,
  },
}
`;
