// Jest Snapshot v1, https://goo.gl/fbAQLP

exports[`books / bookItem / BookItemComponent should match snapshot 1`] = `
ShallowWrapper {
  Symbol(enzyme.__root__): [Circular],
  Symbol(enzyme.__unrendered__): <BookItemComponent
    info={
      Object {
        "description": "Hello Poland description",
        "imageLinks": Object {
          "smallThumbnail": "image-mock",
        },
        "title": "Hello Poland!",
      }
    }
  />,
  Symbol(enzyme.__renderer__): Object {
    "batchedUpdates": [Function],
    "getNode": [Function],
    "render": [Function],
    "simulateError": [Function],
    "simulateEvent": [Function],
    "unmount": [Function],
  },
  Symbol(enzyme.__node__): Object {
    "instance": null,
    "key": undefined,
    "nodeType": "host",
    "props": Object {
      "children": Array [
        <div
          className="book-item-thumbnail"
        >
          <img
            alt="thumbnail"
            src="image-mock"
          />
        </div>,
        <div
          className="book-item-details"
        >
          <div
            className="book-item-title"
          >
            Hello Poland!
          </div>
          <div
            className="book-item-description"
          >
            Hello Poland description
          </div>
        </div>,
        <div
          className="book-item-clear"
        />,
      ],
      "className": "book-item",
    },
    "ref": null,
    "rendered": Array [
      Object {
        "instance": null,
        "key": undefined,
        "nodeType": "host",
        "props": Object {
          "children": <img
            alt="thumbnail"
            src="image-mock"
          />,
          "className": "book-item-thumbnail",
        },
        "ref": null,
        "rendered": Object {
          "instance": null,
          "key": undefined,
          "nodeType": "host",
          "props": Object {
            "alt": "thumbnail",
            "src": "image-mock",
          },
          "ref": null,
          "rendered": null,
          "type": "img",
        },
        "type": "div",
      },
      Object {
        "instance": null,
        "key": undefined,
        "nodeType": "host",
        "props": Object {
          "children": Array [
            <div
              className="book-item-title"
            >
              Hello Poland!
            </div>,
            <div
              className="book-item-description"
            >
              Hello Poland description
            </div>,
          ],
          "className": "book-item-details",
        },
        "ref": null,
        "rendered": Array [
          Object {
            "instance": null,
            "key": undefined,
            "nodeType": "host",
            "props": Object {
              "children": "Hello Poland!",
              "className": "book-item-title",
            },
            "ref": null,
            "rendered": "Hello Poland!",
            "type": "div",
          },
          Object {
            "instance": null,
            "key": undefined,
            "nodeType": "host",
            "props": Object {
              "children": "Hello Poland description",
              "className": "book-item-description",
            },
            "ref": null,
            "rendered": "Hello Poland description",
            "type": "div",
          },
        ],
        "type": "div",
      },
      Object {
        "instance": null,
        "key": undefined,
        "nodeType": "host",
        "props": Object {
          "className": "book-item-clear",
        },
        "ref": null,
        "rendered": null,
        "type": "div",
      },
    ],
    "type": "li",
  },
  Symbol(enzyme.__nodes__): Array [
    Object {
      "instance": null,
      "key": undefined,
      "nodeType": "host",
      "props": Object {
        "children": Array [
          <div
            className="book-item-thumbnail"
          >
            <img
              alt="thumbnail"
              src="image-mock"
            />
          </div>,
          <div
            className="book-item-details"
          >
            <div
              className="book-item-title"
            >
              Hello Poland!
            </div>
            <div
              className="book-item-description"
            >
              Hello Poland description
            </div>
          </div>,
          <div
            className="book-item-clear"
          />,
        ],
        "className": "book-item",
      },
      "ref": null,
      "rendered": Array [
        Object {
          "instance": null,
          "key": undefined,
          "nodeType": "host",
          "props": Object {
            "children": <img
              alt="thumbnail"
              src="image-mock"
            />,
            "className": "book-item-thumbnail",
          },
          "ref": null,
          "rendered": Object {
            "instance": null,
            "key": undefined,
            "nodeType": "host",
            "props": Object {
              "alt": "thumbnail",
              "src": "image-mock",
            },
            "ref": null,
            "rendered": null,
            "type": "img",
          },
          "type": "div",
        },
        Object {
          "instance": null,
          "key": undefined,
          "nodeType": "host",
          "props": Object {
            "children": Array [
              <div
                className="book-item-title"
              >
                Hello Poland!
              </div>,
              <div
                className="book-item-description"
              >
                Hello Poland description
              </div>,
            ],
            "className": "book-item-details",
          },
          "ref": null,
          "rendered": Array [
            Object {
              "instance": null,
              "key": undefined,
              "nodeType": "host",
              "props": Object {
                "children": "Hello Poland!",
                "className": "book-item-title",
              },
              "ref": null,
              "rendered": "Hello Poland!",
              "type": "div",
            },
            Object {
              "instance": null,
              "key": undefined,
              "nodeType": "host",
              "props": Object {
                "children": "Hello Poland description",
                "className": "book-item-description",
              },
              "ref": null,
              "rendered": "Hello Poland description",
              "type": "div",
            },
          ],
          "type": "div",
        },
        Object {
          "instance": null,
          "key": undefined,
          "nodeType": "host",
          "props": Object {
            "className": "book-item-clear",
          },
          "ref": null,
          "rendered": null,
          "type": "div",
        },
      ],
      "type": "li",
    },
  ],
  Symbol(enzyme.__options__): Object {
    "adapter": ReactSixteenAdapter {
      "options": Object {
        "enableComponentDidUpdateOnSetState": true,
        "lifecycles": Object {
          "componentDidUpdate": Object {
            "onSetState": true,
          },
          "getDerivedStateFromProps": true,
          "getSnapshotBeforeUpdate": true,
          "setState": Object {
            "skipsComponentDidUpdateOnNullish": true,
          },
        },
      },
    },
  },
}
`;
