// Jest Snapshot v1, https://goo.gl/fbAQLP

exports[`common / loader / LoaderComponent should match snapshot 1`] = `ShallowWrapper {}`;
